// Vitest Snapshot v1, https://vitest.dev/guide/snapshot.html

exports[`createProvider > should throw an error if used outside of a provider 1`] = `"useCounter must be used within a CounterProvider"`;
